/opt/st/stm32cubeide_1.11.0/plugins/com.st.stm32cube.ide.mcu.externaltools.gnu-tools-for-stm32.10.3-2021.10.linux64_1.0.100.202210260954/tools/arm-none-eabi/include/c++/10.3.1/arm-none-eabi/thumb/v7e-m+dp/hard/bits/gthr-default.h:229:1:int __gthread_key_delete(__gthread_key_t)	16	static
../Core/handlers.cpp:8:1:void NMI_Handler()	4	static
../Core/handlers.cpp:13:1:void HardFault_Handler()	4	static
../Core/handlers.cpp:19:1:void MemManage_Handler()	4	static
../Core/handlers.cpp:25:1:void BusFault_Handler()	4	static
../Core/handlers.cpp:31:1:void UsageFault_Handler()	4	static
../Core/handlers.cpp:37:1:void SVC_Handler()	4	static
../Core/handlers.cpp:42:1:void DebugMon_Handler()	4	static
../Core/handlers.cpp:47:1:void PendSV_Handler()	4	static
../Core/handlers.cpp:52:1:void SysTick_Handler()	8	static
../Core/handlers.cpp:57:6:void USART1_IRQHandler()	8	static
