../QA_Drivers/QAD_GPIO.hpp:47:3:QAD_GPIO_Input::QAD_GPIO_Input(GPIO_TypeDef*, uint16_t)	48	static
/opt/st/stm32cubeide_1.11.0/plugins/com.st.stm32cube.ide.mcu.externaltools.gnu-tools-for-stm32.10.3-2021.10.linux64_1.0.100.202210260954/tools/arm-none-eabi/include/c++/10.3.1/arm-none-eabi/thumb/v7e-m+dp/hard/bits/gthr-default.h:229:1:int __gthread_key_delete(__gthread_key_t)	16	static
../QA_Tools/QAT_FIFO.hpp:29:3:QAT_FIFOBuffer::QAT_FIFOBuffer(uint16_t)	16	static
../QA_Systems/QAS_Serial/QAS_Serial_Dev_Base.hpp:40:3:QAS_Serial_Dev_Base::QAS_Serial_Dev_Base(uint16_t, uint16_t, QAS_Serial_Dev_Base::DeviceType)	24	static
../QA_Drivers/QAD_UART.hpp:64:3:QAD_UART::QAD_UART(QAD_UART_InitStruct&)	16	static
../QA_Systems/QAS_Serial/QAS_Serial_Dev_UART.hpp:34:2:QAS_Serial_Dev_UART::QAS_Serial_Dev_UART(QAS_Serial_Dev_UART_InitStruct&)	16	static
../QA_Drivers/QAD_FMC.hpp:53:2:QAD_FMC::QAD_FMC()	16	static
../QA_Drivers/QAD_FMC.hpp:63:19:static QAD_FMC& QAD_FMC::get()	8	static
../QA_Drivers/QAD_FMC.hpp:74:20:static QA_Result QAD_FMC::init()	8	static
../QA_Drivers/QAD_FMC.hpp:78:20:static QA_Result QAD_FMC::test()	8	static
../Core/main.cpp:14:1:int main()	80	static
/opt/st/stm32cubeide_1.11.0/plugins/com.st.stm32cube.ide.mcu.externaltools.gnu-tools-for-stm32.10.3-2021.10.linux64_1.0.100.202210260954/tools/arm-none-eabi/include/c++/10.3.1/bits/unique_ptr.h:967:5:typename std::_MakeUniq<_Tp>::__array std::make_unique(std::size_t) [with _Tp = unsigned char []]	24	static
/opt/st/stm32cubeide_1.11.0/plugins/com.st.stm32cube.ide.mcu.externaltools.gnu-tools-for-stm32.10.3-2021.10.linux64_1.0.100.202210260954/tools/arm-none-eabi/include/c++/10.3.1/bits/unique_ptr.h:961:5:) [with _Tp = QAT_FIFOBuffer; _Args = {short unsigned int&}]	24	static
/opt/st/stm32cubeide_1.11.0/plugins/com.st.stm32cube.ide.mcu.externaltools.gnu-tools-for-stm32.10.3-2021.10.linux64_1.0.100.202210260954/tools/arm-none-eabi/include/c++/10.3.1/bits/unique_ptr.h:961:5:) [with _Tp = QAD_UART; _Args = {QAD_UART_InitStruct&}]	24	static
/opt/st/stm32cubeide_1.11.0/plugins/com.st.stm32cube.ide.mcu.externaltools.gnu-tools-for-stm32.10.3-2021.10.linux64_1.0.100.202210260954/tools/arm-none-eabi/include/c++/10.3.1/bits/unique_ptr.h:210:40:std::__uniq_ptr_data<unsigned char, std::default_delete<unsigned char []>, true, true>::__uniq_ptr_data(std::__uniq_ptr_impl<unsigned char, std::default_delete<unsigned char []> >::pointer) [inherited from std::__uniq_ptr_impl<unsigned char, std::default_delete<unsigned char []> >]	16	static
/opt/st/stm32cubeide_1.11.0/plugins/com.st.stm32cube.ide.mcu.externaltools.gnu-tools-for-stm32.10.3-2021.10.linux64_1.0.100.202210260954/tools/arm-none-eabi/include/c++/10.3.1/bits/unique_ptr.h:547:2:std::unique_ptr<_Tp [], _Dp>::unique_ptr(_Up) [with _Up = unsigned char*; _Vp = std::default_delete<unsigned char []>; <template-parameter-2-3> = void; <template-parameter-2-4> = bool; _Tp = unsigned char; _Dp = std::default_delete<unsigned char []>]	16	static
/opt/st/stm32cubeide_1.11.0/plugins/com.st.stm32cube.ide.mcu.externaltools.gnu-tools-for-stm32.10.3-2021.10.linux64_1.0.100.202210260954/tools/arm-none-eabi/include/c++/10.3.1/bits/unique_ptr.h:172:18:std::__uniq_ptr_impl<_Tp, _Dp>::pointer& std::__uniq_ptr_impl<_Tp, _Dp>::_M_ptr() [with _Tp = unsigned char; _Dp = std::default_delete<unsigned char []>]	16	static
/opt/st/stm32cubeide_1.11.0/plugins/com.st.stm32cube.ide.mcu.externaltools.gnu-tools-for-stm32.10.3-2021.10.linux64_1.0.100.202210260954/tools/arm-none-eabi/include/c++/10.3.1/bits/move.h:76:5:constexpr _Tp&& std::forward(typename std::remove_reference<_Tp>::type&) [with _Tp = short unsigned int&]	16	static
/opt/st/stm32cubeide_1.11.0/plugins/com.st.stm32cube.ide.mcu.externaltools.gnu-tools-for-stm32.10.3-2021.10.linux64_1.0.100.202210260954/tools/arm-none-eabi/include/c++/10.3.1/bits/unique_ptr.h:210:40:std::__uniq_ptr_data<QAT_FIFOBuffer, std::default_delete<QAT_FIFOBuffer>, true, true>::__uniq_ptr_data(std::__uniq_ptr_impl<QAT_FIFOBuffer, std::default_delete<QAT_FIFOBuffer> >::pointer) [inherited from std::__uniq_ptr_impl<QAT_FIFOBuffer, std::default_delete<QAT_FIFOBuffer> >]	16	static
/opt/st/stm32cubeide_1.11.0/plugins/com.st.stm32cube.ide.mcu.externaltools.gnu-tools-for-stm32.10.3-2021.10.linux64_1.0.100.202210260954/tools/arm-none-eabi/include/c++/10.3.1/bits/unique_ptr.h:281:2:std::unique_ptr<_Tp, _Dp>::unique_ptr(std::unique_ptr<_Tp, _Dp>::pointer) [with _Del = std::default_delete<QAT_FIFOBuffer>; <template-parameter-2-2> = void; _Tp = QAT_FIFOBuffer; _Dp = std::default_delete<QAT_FIFOBuffer>]	16	static
/opt/st/stm32cubeide_1.11.0/plugins/com.st.stm32cube.ide.mcu.externaltools.gnu-tools-for-stm32.10.3-2021.10.linux64_1.0.100.202210260954/tools/arm-none-eabi/include/c++/10.3.1/bits/unique_ptr.h:172:18:std::__uniq_ptr_impl<_Tp, _Dp>::pointer& std::__uniq_ptr_impl<_Tp, _Dp>::_M_ptr() [with _Tp = QAT_FIFOBuffer; _Dp = std::default_delete<QAT_FIFOBuffer>]	16	static
/opt/st/stm32cubeide_1.11.0/plugins/com.st.stm32cube.ide.mcu.externaltools.gnu-tools-for-stm32.10.3-2021.10.linux64_1.0.100.202210260954/tools/arm-none-eabi/include/c++/10.3.1/bits/move.h:76:5:constexpr _Tp&& std::forward(typename std::remove_reference<_Tp>::type&) [with _Tp = QAD_UART_InitStruct&]	16	static
/opt/st/stm32cubeide_1.11.0/plugins/com.st.stm32cube.ide.mcu.externaltools.gnu-tools-for-stm32.10.3-2021.10.linux64_1.0.100.202210260954/tools/arm-none-eabi/include/c++/10.3.1/bits/unique_ptr.h:210:40:std::__uniq_ptr_data<QAD_UART, std::default_delete<QAD_UART>, true, true>::__uniq_ptr_data(std::__uniq_ptr_impl<QAD_UART, std::default_delete<QAD_UART> >::pointer) [inherited from std::__uniq_ptr_impl<QAD_UART, std::default_delete<QAD_UART> >]	16	static
/opt/st/stm32cubeide_1.11.0/plugins/com.st.stm32cube.ide.mcu.externaltools.gnu-tools-for-stm32.10.3-2021.10.linux64_1.0.100.202210260954/tools/arm-none-eabi/include/c++/10.3.1/bits/unique_ptr.h:281:2:std::unique_ptr<_Tp, _Dp>::unique_ptr(std::unique_ptr<_Tp, _Dp>::pointer) [with _Del = std::default_delete<QAD_UART>; <template-parameter-2-2> = void; _Tp = QAD_UART; _Dp = std::default_delete<QAD_UART>]	16	static
/opt/st/stm32cubeide_1.11.0/plugins/com.st.stm32cube.ide.mcu.externaltools.gnu-tools-for-stm32.10.3-2021.10.linux64_1.0.100.202210260954/tools/arm-none-eabi/include/c++/10.3.1/bits/unique_ptr.h:172:18:std::__uniq_ptr_impl<_Tp, _Dp>::pointer& std::__uniq_ptr_impl<_Tp, _Dp>::_M_ptr() [with _Tp = QAD_UART; _Dp = std::default_delete<QAD_UART>]	16	static
/opt/st/stm32cubeide_1.11.0/plugins/com.st.stm32cube.ide.mcu.externaltools.gnu-tools-for-stm32.10.3-2021.10.linux64_1.0.100.202210260954/tools/arm-none-eabi/include/c++/10.3.1/bits/unique_ptr.h:155:7:std::__uniq_ptr_impl<_Tp, _Dp>::__uniq_ptr_impl(std::__uniq_ptr_impl<_Tp, _Dp>::pointer) [with _Tp = unsigned char; _Dp = std::default_delete<unsigned char []>]	16	static
/opt/st/stm32cubeide_1.11.0/plugins/com.st.stm32cube.ide.mcu.externaltools.gnu-tools-for-stm32.10.3-2021.10.linux64_1.0.100.202210260954/tools/arm-none-eabi/include/c++/10.3.1/tuple:1298:5:>&) [with unsigned int __i = 0; _Elements = {unsigned char*, std::default_delete<unsigned char []>}]	16	static
/opt/st/stm32cubeide_1.11.0/plugins/com.st.stm32cube.ide.mcu.externaltools.gnu-tools-for-stm32.10.3-2021.10.linux64_1.0.100.202210260954/tools/arm-none-eabi/include/c++/10.3.1/tuple:201:7:>&) [with unsigned int _Idx = 0; _Head = unsigned char*; _Tail = {std::default_delete<unsigned char []>}]	16	static
/opt/st/stm32cubeide_1.11.0/plugins/com.st.stm32cube.ide.mcu.externaltools.gnu-tools-for-stm32.10.3-2021.10.linux64_1.0.100.202210260954/tools/arm-none-eabi/include/c++/10.3.1/bits/unique_ptr.h:155:7:std::__uniq_ptr_impl<_Tp, _Dp>::__uniq_ptr_impl(std::__uniq_ptr_impl<_Tp, _Dp>::pointer) [with _Tp = QAT_FIFOBuffer; _Dp = std::default_delete<QAT_FIFOBuffer>]	16	static
/opt/st/stm32cubeide_1.11.0/plugins/com.st.stm32cube.ide.mcu.externaltools.gnu-tools-for-stm32.10.3-2021.10.linux64_1.0.100.202210260954/tools/arm-none-eabi/include/c++/10.3.1/tuple:1298:5:>&) [with unsigned int __i = 0; _Elements = {QAT_FIFOBuffer*, std::default_delete<QAT_FIFOBuffer>}]	16	static
/opt/st/stm32cubeide_1.11.0/plugins/com.st.stm32cube.ide.mcu.externaltools.gnu-tools-for-stm32.10.3-2021.10.linux64_1.0.100.202210260954/tools/arm-none-eabi/include/c++/10.3.1/tuple:201:7:>&) [with unsigned int _Idx = 0; _Head = QAT_FIFOBuffer*; _Tail = {std::default_delete<QAT_FIFOBuffer>}]	16	static
/opt/st/stm32cubeide_1.11.0/plugins/com.st.stm32cube.ide.mcu.externaltools.gnu-tools-for-stm32.10.3-2021.10.linux64_1.0.100.202210260954/tools/arm-none-eabi/include/c++/10.3.1/bits/unique_ptr.h:155:7:std::__uniq_ptr_impl<_Tp, _Dp>::__uniq_ptr_impl(std::__uniq_ptr_impl<_Tp, _Dp>::pointer) [with _Tp = QAD_UART; _Dp = std::default_delete<QAD_UART>]	16	static
/opt/st/stm32cubeide_1.11.0/plugins/com.st.stm32cube.ide.mcu.externaltools.gnu-tools-for-stm32.10.3-2021.10.linux64_1.0.100.202210260954/tools/arm-none-eabi/include/c++/10.3.1/tuple:1298:5:>&) [with unsigned int __i = 0; _Elements = {QAD_UART*, std::default_delete<QAD_UART>}]	16	static
/opt/st/stm32cubeide_1.11.0/plugins/com.st.stm32cube.ide.mcu.externaltools.gnu-tools-for-stm32.10.3-2021.10.linux64_1.0.100.202210260954/tools/arm-none-eabi/include/c++/10.3.1/tuple:201:7:>&) [with unsigned int _Idx = 0; _Head = QAD_UART*; _Tail = {std::default_delete<QAD_UART>}]	16	static
/opt/st/stm32cubeide_1.11.0/plugins/com.st.stm32cube.ide.mcu.externaltools.gnu-tools-for-stm32.10.3-2021.10.linux64_1.0.100.202210260954/tools/arm-none-eabi/include/c++/10.3.1/tuple:959:2:constexpr std::tuple<_T1, _T2>::tuple() [with bool _Dummy = true; typename std::enable_if<std::_TupleConstraints<_Dummy, _T1, _T2>::__is_implicitly_default_constructible(), bool>::type <anonymous> = true; _T1 = unsigned char*; _T2 = std::default_delete<unsigned char []>]	16	static
/opt/st/stm32cubeide_1.11.0/plugins/com.st.stm32cube.ide.mcu.externaltools.gnu-tools-for-stm32.10.3-2021.10.linux64_1.0.100.202210260954/tools/arm-none-eabi/include/c++/10.3.1/tuple:1287:5:>&) [with unsigned int __i = 0; _Head = unsigned char*; _Tail = {std::default_delete<unsigned char []>}]	16	static
/opt/st/stm32cubeide_1.11.0/plugins/com.st.stm32cube.ide.mcu.externaltools.gnu-tools-for-stm32.10.3-2021.10.linux64_1.0.100.202210260954/tools/arm-none-eabi/include/c++/10.3.1/tuple:166:7:static constexpr _Head& std::_Head_base<_Idx, _Head, false>::_M_head(std::_Head_base<_Idx, _Head, false>&) [with unsigned int _Idx = 0; _Head = unsigned char*]	16	static
/opt/st/stm32cubeide_1.11.0/plugins/com.st.stm32cube.ide.mcu.externaltools.gnu-tools-for-stm32.10.3-2021.10.linux64_1.0.100.202210260954/tools/arm-none-eabi/include/c++/10.3.1/tuple:959:2:constexpr std::tuple<_T1, _T2>::tuple() [with bool _Dummy = true; typename std::enable_if<std::_TupleConstraints<_Dummy, _T1, _T2>::__is_implicitly_default_constructible(), bool>::type <anonymous> = true; _T1 = QAT_FIFOBuffer*; _T2 = std::default_delete<QAT_FIFOBuffer>]	16	static
/opt/st/stm32cubeide_1.11.0/plugins/com.st.stm32cube.ide.mcu.externaltools.gnu-tools-for-stm32.10.3-2021.10.linux64_1.0.100.202210260954/tools/arm-none-eabi/include/c++/10.3.1/tuple:1287:5:>&) [with unsigned int __i = 0; _Head = QAT_FIFOBuffer*; _Tail = {std::default_delete<QAT_FIFOBuffer>}]	16	static
/opt/st/stm32cubeide_1.11.0/plugins/com.st.stm32cube.ide.mcu.externaltools.gnu-tools-for-stm32.10.3-2021.10.linux64_1.0.100.202210260954/tools/arm-none-eabi/include/c++/10.3.1/tuple:166:7:static constexpr _Head& std::_Head_base<_Idx, _Head, false>::_M_head(std::_Head_base<_Idx, _Head, false>&) [with unsigned int _Idx = 0; _Head = QAT_FIFOBuffer*]	16	static
/opt/st/stm32cubeide_1.11.0/plugins/com.st.stm32cube.ide.mcu.externaltools.gnu-tools-for-stm32.10.3-2021.10.linux64_1.0.100.202210260954/tools/arm-none-eabi/include/c++/10.3.1/tuple:959:2:constexpr std::tuple<_T1, _T2>::tuple() [with bool _Dummy = true; typename std::enable_if<std::_TupleConstraints<_Dummy, _T1, _T2>::__is_implicitly_default_constructible(), bool>::type <anonymous> = true; _T1 = QAD_UART*; _T2 = std::default_delete<QAD_UART>]	16	static
/opt/st/stm32cubeide_1.11.0/plugins/com.st.stm32cube.ide.mcu.externaltools.gnu-tools-for-stm32.10.3-2021.10.linux64_1.0.100.202210260954/tools/arm-none-eabi/include/c++/10.3.1/tuple:1287:5:>&) [with unsigned int __i = 0; _Head = QAD_UART*; _Tail = {std::default_delete<QAD_UART>}]	16	static
/opt/st/stm32cubeide_1.11.0/plugins/com.st.stm32cube.ide.mcu.externaltools.gnu-tools-for-stm32.10.3-2021.10.linux64_1.0.100.202210260954/tools/arm-none-eabi/include/c++/10.3.1/tuple:166:7:static constexpr _Head& std::_Head_base<_Idx, _Head, false>::_M_head(std::_Head_base<_Idx, _Head, false>&) [with unsigned int _Idx = 0; _Head = QAD_UART*]	16	static
/opt/st/stm32cubeide_1.11.0/plugins/com.st.stm32cube.ide.mcu.externaltools.gnu-tools-for-stm32.10.3-2021.10.linux64_1.0.100.202210260954/tools/arm-none-eabi/include/c++/10.3.1/tuple:212:17:>::_Tuple_impl() [with unsigned int _Idx = 0; _Head = unsigned char*; _Tail = {std::default_delete<unsigned char []>}]	16	static
/opt/st/stm32cubeide_1.11.0/plugins/com.st.stm32cube.ide.mcu.externaltools.gnu-tools-for-stm32.10.3-2021.10.linux64_1.0.100.202210260954/tools/arm-none-eabi/include/c++/10.3.1/tuple:212:17:>::_Tuple_impl() [with unsigned int _Idx = 0; _Head = QAT_FIFOBuffer*; _Tail = {std::default_delete<QAT_FIFOBuffer>}]	16	static
/opt/st/stm32cubeide_1.11.0/plugins/com.st.stm32cube.ide.mcu.externaltools.gnu-tools-for-stm32.10.3-2021.10.linux64_1.0.100.202210260954/tools/arm-none-eabi/include/c++/10.3.1/tuple:212:17:>::_Tuple_impl() [with unsigned int _Idx = 0; _Head = QAD_UART*; _Tail = {std::default_delete<QAD_UART>}]	16	static
/opt/st/stm32cubeide_1.11.0/plugins/com.st.stm32cube.ide.mcu.externaltools.gnu-tools-for-stm32.10.3-2021.10.linux64_1.0.100.202210260954/tools/arm-none-eabi/include/c++/10.3.1/tuple:354:17:constexpr std::_Tuple_impl<_Idx, _Head>::_Tuple_impl() [with unsigned int _Idx = 1; _Head = std::default_delete<unsigned char []>]	16	static
/opt/st/stm32cubeide_1.11.0/plugins/com.st.stm32cube.ide.mcu.externaltools.gnu-tools-for-stm32.10.3-2021.10.linux64_1.0.100.202210260954/tools/arm-none-eabi/include/c++/10.3.1/tuple:126:17:constexpr std::_Head_base<_Idx, _Head, false>::_Head_base() [with unsigned int _Idx = 0; _Head = unsigned char*]	16	static
/opt/st/stm32cubeide_1.11.0/plugins/com.st.stm32cube.ide.mcu.externaltools.gnu-tools-for-stm32.10.3-2021.10.linux64_1.0.100.202210260954/tools/arm-none-eabi/include/c++/10.3.1/tuple:354:17:constexpr std::_Tuple_impl<_Idx, _Head>::_Tuple_impl() [with unsigned int _Idx = 1; _Head = std::default_delete<QAT_FIFOBuffer>]	16	static
/opt/st/stm32cubeide_1.11.0/plugins/com.st.stm32cube.ide.mcu.externaltools.gnu-tools-for-stm32.10.3-2021.10.linux64_1.0.100.202210260954/tools/arm-none-eabi/include/c++/10.3.1/tuple:126:17:constexpr std::_Head_base<_Idx, _Head, false>::_Head_base() [with unsigned int _Idx = 0; _Head = QAT_FIFOBuffer*]	16	static
/opt/st/stm32cubeide_1.11.0/plugins/com.st.stm32cube.ide.mcu.externaltools.gnu-tools-for-stm32.10.3-2021.10.linux64_1.0.100.202210260954/tools/arm-none-eabi/include/c++/10.3.1/tuple:354:17:constexpr std::_Tuple_impl<_Idx, _Head>::_Tuple_impl() [with unsigned int _Idx = 1; _Head = std::default_delete<QAD_UART>]	16	static
/opt/st/stm32cubeide_1.11.0/plugins/com.st.stm32cube.ide.mcu.externaltools.gnu-tools-for-stm32.10.3-2021.10.linux64_1.0.100.202210260954/tools/arm-none-eabi/include/c++/10.3.1/tuple:126:17:constexpr std::_Head_base<_Idx, _Head, false>::_Head_base() [with unsigned int _Idx = 0; _Head = QAD_UART*]	16	static
/opt/st/stm32cubeide_1.11.0/plugins/com.st.stm32cube.ide.mcu.externaltools.gnu-tools-for-stm32.10.3-2021.10.linux64_1.0.100.202210260954/tools/arm-none-eabi/include/c++/10.3.1/tuple:80:17:constexpr std::_Head_base<_Idx, _Head, true>::_Head_base() [with unsigned int _Idx = 1; _Head = std::default_delete<unsigned char []>]	16	static
/opt/st/stm32cubeide_1.11.0/plugins/com.st.stm32cube.ide.mcu.externaltools.gnu-tools-for-stm32.10.3-2021.10.linux64_1.0.100.202210260954/tools/arm-none-eabi/include/c++/10.3.1/tuple:80:17:constexpr std::_Head_base<_Idx, _Head, true>::_Head_base() [with unsigned int _Idx = 1; _Head = std::default_delete<QAT_FIFOBuffer>]	16	static
/opt/st/stm32cubeide_1.11.0/plugins/com.st.stm32cube.ide.mcu.externaltools.gnu-tools-for-stm32.10.3-2021.10.linux64_1.0.100.202210260954/tools/arm-none-eabi/include/c++/10.3.1/tuple:80:17:constexpr std::_Head_base<_Idx, _Head, true>::_Head_base() [with unsigned int _Idx = 1; _Head = std::default_delete<QAD_UART>]	16	static
